// Jest Snapshot v1, https://goo.gl/fbAQLP

exports[`<Header /> Snapshot testing Header 1`] = `
<DocumentFragment>
  <div
    class="root"
    style="background-color: rgb(85, 89, 92); color: rgb(255, 255, 255);"
  >
    <h1>
      Pok√©mon Store
    </h1>
    <h2
      class="subTitle"
    >
      Tipo: 
      <span>
        normal
      </span>
    </h2>
  </div>
</DocumentFragment>
`;
