// Jest Snapshot v1, https://goo.gl/fbAQLP

exports[`<Paginator /> Snapshot testing 1`] = `
<DocumentFragment>
  <div
    class="root"
  />
</DocumentFragment>
`;
